MPLINK 4.39, Linker
Linker Map File - Created Thu Aug 23 10:11:05 2018

                                 Section Info
                  Section       Type    Address   Location Size(Bytes)
                ---------  ---------  ---------  ---------  ---------
               _entry_scn       code   0x000000    program   0x000006
           .code___init.o       code   0x000006    program   0x000002
        compatible_vector       code   0x000008    program   0x000006
                   .cinit    romdata   0x00000e    program   0x00000e
             .code_main.o       code   0x00001c    program   0x000916
                     PROG       code   0x000932    program   0x000288
               _cinit_scn       code   0x000bba    program   0x00009e
          .code_fxm3232.o       code   0x000c58    program   0x000070
             .code_fabs.o       code   0x000cc8    program   0x000066
         .code_fxd3232u.o       code   0x000d2e    program   0x000048
         .code_fxd2424u.o       code   0x000d76    program   0x00003a
           .code_uwrite.o       code   0x000db0    program   0x00002e
         .code_fxd1616u.o       code   0x000dde    program   0x00002c
                    .code       code   0x000e0a    program   0x000020
             _startup_scn       code   0x000e2a    program   0x00001c
             D100TCYXCODE       code   0x000e46    program   0x00001c
      .romdata_fxd2424u.o    romdata   0x000e62    program   0x000000
      .romdata_fxd1616u.o    romdata   0x000e62    program   0x000000
       .romdata_fxm3232.o    romdata   0x000e62    program   0x000000
      .romdata_fxd3232u.o    romdata   0x000e62    program   0x000000
        .idata_uwrite.o_i    romdata   0x000e62    program   0x000000
        .romdata_uwrite.o    romdata   0x000e62    program   0x000000
         .idata_udefs.o_i    romdata   0x000e62    program   0x000000
         .romdata_udefs.o    romdata   0x000e62    program   0x000000
        .romdata___init.o    romdata   0x000e62    program   0x000000
          .romdata_fabs.o    romdata   0x000e62    program   0x000000
          .romdata_main.o    romdata   0x000e62    program   0x000000
          .idata_main.o_i    romdata   0x000e62    program   0x000041
         .romdata_c018i.o    romdata   0x000e62    program   0x000000
        .idata___init.o_i    romdata   0x000ea3    program   0x000000
       .idata_fxm3232.o_i    romdata   0x000ea3    program   0x000000
          .idata_fabs.o_i    romdata   0x000ea3    program   0x000000
         .idata_c018i.o_i    romdata   0x000ea3    program   0x000000
      .idata_fxd1616u.o_i    romdata   0x000ea3    program   0x000000
      .idata_fxd2424u.o_i    romdata   0x000ea3    program   0x000000
      .idata_fxd3232u.o_i    romdata   0x000ea3    program   0x000000
            .code_udefs.o       code   0x000ea4    program   0x000000
            .code_c018i.o       code   0x000ea4    program   0x000000
    .config_300000_main.o    romdata   0x300000    program   0x000001
    .config_300001_main.o    romdata   0x300001    program   0x000001
    .config_300002_main.o    romdata   0x300002    program   0x000001
    .config_300003_main.o    romdata   0x300003    program   0x000001
    .config_300005_main.o    romdata   0x300005    program   0x000001
    .config_300006_main.o    romdata   0x300006    program   0x000001
    .config_300008_main.o    romdata   0x300008    program   0x000001
    .config_300009_main.o    romdata   0x300009    program   0x000001
    .config_30000a_main.o    romdata   0x30000a    program   0x000001
    .config_30000b_main.o    romdata   0x30000b    program   0x000001
    .config_30000c_main.o    romdata   0x30000c    program   0x000001
    .config_30000d_main.o    romdata   0x30000d    program   0x000001
                MATH_DATA      udata   0x000000       data   0x000014
                 .tmpdata      udata   0x000014       data   0x00000c
                  isr_tmp      udata   0x000020       data   0x000002
                DELAYDAT1      udata   0x000022       data   0x000001
            .idata_main.o      idata   0x000060       data   0x000041
            .udata_main.o      udata   0x0000a1       data   0x000036
           .udata_c018i.o      udata   0x0000d7       data   0x00000a
           .udata_udefs.o      udata   0x0000e1       data   0x000001
            .idata_fabs.o      idata   0x0000e2       data   0x000000
            .udata_fabs.o      udata   0x0000e2       data   0x000000
          .idata___init.o      idata   0x0000e2       data   0x000000
          .udata___init.o      udata   0x0000e2       data   0x000000
           .idata_udefs.o      idata   0x0000e2       data   0x000000
          .idata_uwrite.o      idata   0x0000e2       data   0x000000
          .udata_uwrite.o      udata   0x0000e2       data   0x000000
         .idata_fxm3232.o      idata   0x0000e2       data   0x000000
         .udata_fxm3232.o      udata   0x0000e2       data   0x000000
        .idata_fxd3232u.o      idata   0x0000e2       data   0x000000
        .udata_fxd3232u.o      udata   0x0000e2       data   0x000000
        .idata_fxd2424u.o      idata   0x0000e2       data   0x000000
        .udata_fxd2424u.o      udata   0x0000e2       data   0x000000
        .idata_fxd1616u.o      idata   0x0000e2       data   0x000000
        .udata_fxd1616u.o      udata   0x0000e2       data   0x000000
           .idata_c018i.o      idata   0x0000e2       data   0x000000
                   .stack      udata   0x000100       data   0x000100
              SFR_BANKED0      udata   0x000f53       data   0x00000d
            SFR_UNBANKED0      udata   0x000f60       data   0x0000a0



                              Program Memory Usage 
                               Start         End      
                           ---------   ---------      
                            0x000000    0x000ea2      
                            0x300000    0x300003      
                            0x300005    0x300006      
                            0x300008    0x30000d      
            3759 out of 16664 program addresses used, program memory utilization is 22%



                              Symbols - Sorted by Name
                     Name    Address   Location    Storage File                     
                ---------  ---------  ---------  --------- ---------                
                 AD_input   0x0008ce    program     extern C:\Users\youta\Desktop\ecorun\LCD\Send LCD\main.c
                   D100_1   0x000e54    program     static C:\MCC18\src\traditional\delays\d100tcyx.asm
                    D100x   0x000e52    program     static C:\MCC18\src\traditional\delays\d100tcyx.asm
                   D2424S   0x000986    program     static C:\MCC18\src\traditional\math\fxd2424s.asm
                D2424SNEG   0x000994    program     static C:\MCC18\src\traditional\math\fxd2424s.asm
                 D2424SOK   0x000990    program     static C:\MCC18\src\traditional\math\fxd2424s.asm
                  D2424SX   0x0009ac    program     static C:\MCC18\src\traditional\math\fxd2424s.asm
                  DA2424S   0x000972    program     static C:\MCC18\src\traditional\math\fxd2424s.asm
             Delay100TCYx   0x000e46    program     extern C:\MCC18\src\traditional\delays\d100tcyx.asm
                 FLO1632S   0x000936    program     extern C:\MCC18\src\traditional\math\cast16FP.asm
                 FLO1632U   0x000932    program     extern C:\MCC18\src\traditional\math\cast16FP.asm
                 FXD1616U   0x000dde    program     extern C:\MCC18\src\traditional\math\fxd1616u.c
                 FXD2424S   0x00095c    program     extern C:\MCC18\src\traditional\math\fxd2424s.asm
                 FXD2424U   0x000d76    program     extern C:\MCC18\src\traditional\math\fxd2424u.c
                 FXD3232U   0x000d2e    program     extern C:\MCC18\src\traditional\math\fxd3232u.c
                 FXM1616U   0x0009b6    program     extern C:\MCC18\src\traditional\math\fxm1616u.asm
                  FXM3232   0x000c58    program     extern C:\MCC18\src\traditional\math\fxm3232.c
                Send_Data   0x000824    program     extern C:\Users\youta\Desktop\ecorun\LCD\Send LCD\main.c
            Send_Data_Set   0x0006fc    program     extern C:\Users\youta\Desktop\ecorun\LCD\Send LCD\main.c
                  TAGTB32   0x0009f2    program     extern C:\MCC18\src\traditional\math\gtFP.asm
               WriteUSART   0x000db0    program     extern C:\MCC18\src\pmc_common\USART\uwrite.c
       _D100TCYXCODE_0008   0x000e4e    program     static C:\MCC18\src\traditional\delays\d100tcyx.asm
       _D100TCYXCODE_0012   0x000e58    program     static C:\MCC18\src\traditional\delays\d100tcyx.asm
       _D100TCYXCODE_0018   0x000e5e    program     static C:\MCC18\src\traditional\delays\d100tcyx.asm
              __FpCompare   0x000a04    program     extern C:\MCC18\src\traditional\math\compFP.asm
                 __FpExit   0x000aba    program     extern C:\MCC18\src\traditional\math\packFP.asm
                 __FpPack   0x000ae6    program     extern C:\MCC18\src\traditional\math\packFP.asm
            __FpReturnNaN   0x000aae    program     extern C:\MCC18\src\traditional\math\packFP.asm
         __FpReturnNegInf   0x000ac0    program     extern C:\MCC18\src\traditional\math\packFP.asm
        __FpReturnNegZero   0x000ad8    program     extern C:\MCC18\src\traditional\math\packFP.asm
         __FpReturnPosInf   0x000ac6    program     extern C:\MCC18\src\traditional\math\packFP.asm
        __FpReturnPosZero   0x000ae0    program     extern C:\MCC18\src\traditional\math\packFP.asm
        __FpReturnSignInf   0x000abc    program     extern C:\MCC18\src\traditional\math\packFP.asm
       __FpReturnSignZero   0x000ad4    program     extern C:\MCC18\src\traditional\math\packFP.asm
              __FpReturnW   0x000b3e    program     extern C:\MCC18\src\traditional\math\packFP.asm
              __FpUnPackA   0x000b5e    program     extern C:\MCC18\src\traditional\math\UnpackFP.asm
              __FpUnPackB   0x000b8e    program     extern C:\MCC18\src\traditional\math\UnpackFP.asm
       ___return_lbl00000   0x00000c    program     static                          
       ___return_lbl00000   0x000e08    program     static                          
       ___return_lbl00000   0x000d74    program     static                          
       ___return_lbl00000   0x000004    program     static                          
       ___return_lbl00000   0x000cc6    program     static                          
       ___return_lbl00000   0x000dae    program     static                          
       ___return_lbl00001   0x000e44    program     static                          
       ___return_lbl00002   0x000c56    program     static                          
               __config_0   0x300000    program     static C:\Users\youta\Desktop\ecorun\LCD\Send LCD\main.c
               __config_1   0x300001    program     static C:\Users\youta\Desktop\ecorun\LCD\Send LCD\main.c
              __config_10   0x30000c    program     static C:\Users\youta\Desktop\ecorun\LCD\Send LCD\main.c
              __config_11   0x30000d    program     static C:\Users\youta\Desktop\ecorun\LCD\Send LCD\main.c
               __config_2   0x300002    program     static C:\Users\youta\Desktop\ecorun\LCD\Send LCD\main.c
               __config_3   0x300003    program     static C:\Users\youta\Desktop\ecorun\LCD\Send LCD\main.c
               __config_4   0x300005    program     static C:\Users\youta\Desktop\ecorun\LCD\Send LCD\main.c
               __config_5   0x300006    program     static C:\Users\youta\Desktop\ecorun\LCD\Send LCD\main.c
               __config_6   0x300008    program     static C:\Users\youta\Desktop\ecorun\LCD\Send LCD\main.c
               __config_7   0x300009    program     static C:\Users\youta\Desktop\ecorun\LCD\Send LCD\main.c
               __config_8   0x30000a    program     static C:\Users\youta\Desktop\ecorun\LCD\Send LCD\main.c
               __config_9   0x30000b    program     static C:\Users\youta\Desktop\ecorun\LCD\Send LCD\main.c
                   __init   0x000006    program     extern C:\MCC18\src\traditional\stdclib\__init.c
            __zero_memory   0x000e0a    program     extern C:\MCC18\src\traditional\proc\p18F14K50.asm
                _do_cinit   0x000bba    program     extern C:\MCC18\src\traditional\startup\c018i.c
                   _entry   0x000000    program     extern C:\MCC18\src\traditional\startup\c018i.c
                   _false   0x000daa    program     static                          
                   _false   0x000d70    program     static                          
                 _startup   0x000e2a    program     extern C:\MCC18\src\traditional\startup\c018i.c
                compare_l   0x000e20    program     static C:\MCC18\src\traditional\proc\p18F14K50.asm
     compatible_interrupt   0x000008    program     extern C:\Users\youta\Desktop\ecorun\LCD\Send LCD\main.c
                copy_loop   0x000c2c    program     static                          
            copy_one_byte   0x000c32    program     static                          
                     done   0x000c56    program     static                          
             done_copying   0x000c40    program     static                          
                  endloop   0x000e04    program     static                          
                     fabs   0x000cc8    program     extern C:\MCC18\src\traditional\stdclib\fabs.c
                      isr   0x00001c    program     extern C:\Users\youta\Desktop\ecorun\LCD\Send LCD\main.c
                  jAisNeg   0x000a80    program     static C:\MCC18\src\traditional\math\compFP.asm
             jBothNotZero   0x000a22    program     static C:\MCC18\src\traditional\math\compFP.asm
                      jEQ   0x000a3e    program     static C:\MCC18\src\traditional\math\compFP.asm
                    jExch   0x000a4a    program     static C:\MCC18\src\traditional\math\compFP.asm
                   jExpEQ   0x000a90    program     static C:\MCC18\src\traditional\math\compFP.asm
                   jFinal   0x000a74    program     static C:\MCC18\src\traditional\math\compFP.asm
                jI2F16Beg   0x000946    program     static C:\MCC18\src\traditional\math\cast16FP.asm
                      jNE   0x000a42    program     static C:\MCC18\src\traditional\math\compFP.asm
                  jNoExch   0x000a6a    program     static C:\MCC18\src\traditional\math\compFP.asm
                  jPkLoop   0x000af4    program     static C:\MCC18\src\traditional\math\packFP.asm
             jPkRoundDone   0x000b3e    program     static C:\MCC18\src\traditional\math\packFP.asm
               jPkRoundIt   0x000b26    program     static C:\MCC18\src\traditional\math\packFP.asm
             jPkShiftDone   0x000b10    program     static C:\MCC18\src\traditional\math\packFP.asm
           jReturnPosInf0   0x000aca    program     static C:\MCC18\src\traditional\math\packFP.asm
                  jRotate   0x000a9c    program     static C:\MCC18\src\traditional\math\compFP.asm
                   jShift   0x000a86    program     static C:\MCC18\src\traditional\math\compFP.asm
                 jSignsEQ   0x000a26    program     static C:\MCC18\src\traditional\math\compFP.asm
                  jUnpkA1   0x000b68    program     static C:\MCC18\src\traditional\math\UnpackFP.asm
                  jUnpkA2   0x000b80    program     static C:\MCC18\src\traditional\math\UnpackFP.asm
                 jUnpkANZ   0x000b76    program     static C:\MCC18\src\traditional\math\UnpackFP.asm
                  jUnpkB1   0x000b98    program     static C:\MCC18\src\traditional\math\UnpackFP.asm
                  jUnpkB2   0x000bb0    program     static C:\MCC18\src\traditional\math\UnpackFP.asm
                 jUnpkBNZ   0x000ba6    program     static C:\MCC18\src\traditional\math\UnpackFP.asm
                 jUnpkNaN   0x000b8a    program     static C:\MCC18\src\traditional\math\UnpackFP.asm
               jZero1and2   0x000ace    program     static C:\MCC18\src\traditional\math\packFP.asm
                     loop   0x000d82    program     static                          
                     loop   0x000d3c    program     static                          
                     loop   0x000de8    program     static                          
                     loop   0x000e3a    program     static                          
                   loop_h   0x000e18    program     static C:\MCC18\src\traditional\proc\p18F14K50.asm
                   loop_l   0x000e22    program     static C:\MCC18\src\traditional\proc\p18F14K50.asm
                     main   0x0001ca    program     extern C:\Users\youta\Desktop\ecorun\LCD\Send LCD\main.c
                  pic_set   0x00069e    program     extern C:\Users\youta\Desktop\ecorun\LCD\Send LCD\main.c
                     test   0x000bd4    program     static                          
               zero_block   0x000e18    program     static C:\MCC18\src\traditional\proc\p18F14K50.asm
                   ADCON0   0x000fc2       data     extern C:\MCC18\src\traditional\proc\p18F14K50.asm
               ADCON0bits   0x000fc2       data     extern C:\MCC18\src\traditional\proc\p18F14K50.asm
                   ADCON1   0x000fc1       data     extern C:\MCC18\src\traditional\proc\p18F14K50.asm
               ADCON1bits   0x000fc1       data     extern C:\MCC18\src\traditional\proc\p18F14K50.asm
                   ADCON2   0x000fc0       data     extern C:\MCC18\src\traditional\proc\p18F14K50.asm
               ADCON2bits   0x000fc0       data     extern C:\MCC18\src\traditional\proc\p18F14K50.asm
                    ADRES   0x000fc3       data     extern C:\MCC18\src\traditional\proc\p18F14K50.asm
                   ADRESH   0x000fc4       data     extern C:\MCC18\src\traditional\proc\p18F14K50.asm
                   ADRESL   0x000fc3       data     extern C:\MCC18\src\traditional\proc\p18F14K50.asm
                       AF   0x000081       data     extern C:\Users\youta\Desktop\ecorun\LCD\Send LCD\main.c
                    ANSEL   0x000f7e       data     extern C:\MCC18\src\traditional\proc\p18F14K50.asm
                   ANSELH   0x000f7f       data     extern C:\MCC18\src\traditional\proc\p18F14K50.asm
               ANSELHbits   0x000f7f       data     extern C:\MCC18\src\traditional\proc\p18F14K50.asm
                ANSELbits   0x000f7e       data     extern C:\MCC18\src\traditional\proc\p18F14K50.asm
                 AveSpeed   0x000091       data     extern C:\Users\youta\Desktop\ecorun\LCD\Send LCD\main.c
                  BAUDCON   0x000fb8       data     extern C:\MCC18\src\traditional\proc\p18F14K50.asm
              BAUDCONbits   0x000fb8       data     extern C:\MCC18\src\traditional\proc\p18F14K50.asm
                  BAUDCTL   0x000fb8       data     extern C:\MCC18\src\traditional\proc\p18F14K50.asm
              BAUDCTLbits   0x000fb8       data     extern C:\MCC18\src\traditional\proc\p18F14K50.asm
                      BSR   0x000fe0       data     extern C:\MCC18\src\traditional\proc\p18F14K50.asm
                      Box   0x00006f       data     extern C:\Users\youta\Desktop\ecorun\LCD\Send LCD\main.c
                     Box1   0x00008b       data     extern C:\Users\youta\Desktop\ecorun\LCD\Send LCD\main.c
                     Box2   0x00008d       data     extern C:\Users\youta\Desktop\ecorun\LCD\Send LCD\main.c
                     Box3   0x00008f       data     extern C:\Users\youta\Desktop\ecorun\LCD\Send LCD\main.c
                     BoxH   0x000085       data     extern C:\Users\youta\Desktop\ecorun\LCD\Send LCD\main.c
                     BoxL   0x000087       data     extern C:\Users\youta\Desktop\ecorun\LCD\Send LCD\main.c
                   BoxSum   0x000089       data     extern C:\Users\youta\Desktop\ecorun\LCD\Send LCD\main.c
                  CCP1CON   0x000fbd       data     extern C:\MCC18\src\traditional\proc\p18F14K50.asm
              CCP1CONbits   0x000fbd       data     extern C:\MCC18\src\traditional\proc\p18F14K50.asm
                    CCPR1   0x000fbe       data     extern C:\MCC18\src\traditional\proc\p18F14K50.asm
                   CCPR1H   0x000fbf       data     extern C:\MCC18\src\traditional\proc\p18F14K50.asm
                   CCPR1L   0x000fbe       data     extern C:\MCC18\src\traditional\proc\p18F14K50.asm
                  CM1CON0   0x000f6d       data     extern C:\MCC18\src\traditional\proc\p18F14K50.asm
              CM1CON0bits   0x000f6d       data     extern C:\MCC18\src\traditional\proc\p18F14K50.asm
                  CM2CON0   0x000f6b       data     extern C:\MCC18\src\traditional\proc\p18F14K50.asm
              CM2CON0bits   0x000f6b       data     extern C:\MCC18\src\traditional\proc\p18F14K50.asm
                  CM2CON1   0x000f6c       data     extern C:\MCC18\src\traditional\proc\p18F14K50.asm
              CM2CON1bits   0x000f6c       data     extern C:\MCC18\src\traditional\proc\p18F14K50.asm
           CorrectionTemp   0x00007d       data     extern C:\Users\youta\Desktop\ecorun\LCD\Send LCD\main.c
                     DDRA   0x000f92       data     extern C:\MCC18\src\traditional\proc\p18F14K50.asm
                 DDRAbits   0x000f92       data     extern C:\MCC18\src\traditional\proc\p18F14K50.asm
                     DDRB   0x000f93       data     extern C:\MCC18\src\traditional\proc\p18F14K50.asm
                 DDRBbits   0x000f93       data     extern C:\MCC18\src\traditional\proc\p18F14K50.asm
                     DDRC   0x000f94       data     extern C:\MCC18\src\traditional\proc\p18F14K50.asm
                 DDRCbits   0x000f94       data     extern C:\MCC18\src\traditional\proc\p18F14K50.asm
            DelayCounter1   0x000022       data     extern C:\MCC18\src\traditional\delays\delayd1.asm
                  ECCP1AS   0x000fb6       data     extern C:\MCC18\src\traditional\proc\p18F14K50.asm
              ECCP1ASbits   0x000fb6       data     extern C:\MCC18\src\traditional\proc\p18F14K50.asm
                    EEADR   0x000fa9       data     extern C:\MCC18\src\traditional\proc\p18F14K50.asm
                EEADRbits   0x000fa9       data     extern C:\MCC18\src\traditional\proc\p18F14K50.asm
                   EECON1   0x000fa6       data     extern C:\MCC18\src\traditional\proc\p18F14K50.asm
               EECON1bits   0x000fa6       data     extern C:\MCC18\src\traditional\proc\p18F14K50.asm
                   EECON2   0x000fa7       data     extern C:\MCC18\src\traditional\proc\p18F14K50.asm
                   EEDATA   0x000fa8       data     extern C:\MCC18\src\traditional\proc\p18F14K50.asm
                     FSR0   0x000fe9       data     extern C:\MCC18\src\traditional\proc\p18F14K50.asm
                    FSR0H   0x000fea       data     extern C:\MCC18\src\traditional\proc\p18F14K50.asm
                    FSR0L   0x000fe9       data     extern C:\MCC18\src\traditional\proc\p18F14K50.asm
                     FSR1   0x000fe1       data     extern C:\MCC18\src\traditional\proc\p18F14K50.asm
                    FSR1H   0x000fe2       data     extern C:\MCC18\src\traditional\proc\p18F14K50.asm
                    FSR1L   0x000fe1       data     extern C:\MCC18\src\traditional\proc\p18F14K50.asm
                     FSR2   0x000fd9       data     extern C:\MCC18\src\traditional\proc\p18F14K50.asm
                    FSR2H   0x000fda       data     extern C:\MCC18\src\traditional\proc\p18F14K50.asm
                    FSR2L   0x000fd9       data     extern C:\MCC18\src\traditional\proc\p18F14K50.asm
                    INDF0   0x000fef       data     extern C:\MCC18\src\traditional\proc\p18F14K50.asm
                    INDF1   0x000fe7       data     extern C:\MCC18\src\traditional\proc\p18F14K50.asm
                    INDF2   0x000fdf       data     extern C:\MCC18\src\traditional\proc\p18F14K50.asm
                   INTCON   0x000ff2       data     extern C:\MCC18\src\traditional\proc\p18F14K50.asm
                  INTCON2   0x000ff1       data     extern C:\MCC18\src\traditional\proc\p18F14K50.asm
              INTCON2bits   0x000ff1       data     extern C:\MCC18\src\traditional\proc\p18F14K50.asm
                  INTCON3   0x000ff0       data     extern C:\MCC18\src\traditional\proc\p18F14K50.asm
              INTCON3bits   0x000ff0       data     extern C:\MCC18\src\traditional\proc\p18F14K50.asm
               INTCONbits   0x000ff2       data     extern C:\MCC18\src\traditional\proc\p18F14K50.asm
                     IOCA   0x000f79       data     extern C:\MCC18\src\traditional\proc\p18F14K50.asm
                 IOCAbits   0x000f79       data     extern C:\MCC18\src\traditional\proc\p18F14K50.asm
                     IOCB   0x000f7a       data     extern C:\MCC18\src\traditional\proc\p18F14K50.asm
                 IOCBbits   0x000f7a       data     extern C:\MCC18\src\traditional\proc\p18F14K50.asm
                     IPR1   0x000f9f       data     extern C:\MCC18\src\traditional\proc\p18F14K50.asm
                 IPR1bits   0x000f9f       data     extern C:\MCC18\src\traditional\proc\p18F14K50.asm
                     IPR2   0x000fa2       data     extern C:\MCC18\src\traditional\proc\p18F14K50.asm
                 IPR2bits   0x000fa2       data     extern C:\MCC18\src\traditional\proc\p18F14K50.asm
            InjectionTime   0x000093       data     extern C:\Users\youta\Desktop\ecorun\LCD\Send LCD\main.c
                     LATA   0x000f89       data     extern C:\MCC18\src\traditional\proc\p18F14K50.asm
                 LATAbits   0x000f89       data     extern C:\MCC18\src\traditional\proc\p18F14K50.asm
                     LATB   0x000f8a       data     extern C:\MCC18\src\traditional\proc\p18F14K50.asm
                 LATBbits   0x000f8a       data     extern C:\MCC18\src\traditional\proc\p18F14K50.asm
                     LATC   0x000f8b       data     extern C:\MCC18\src\traditional\proc\p18F14K50.asm
                 LATCbits   0x000f8b       data     extern C:\MCC18\src\traditional\proc\p18F14K50.asm
                Main_flag   0x00009f       data     extern C:\Users\youta\Desktop\ecorun\LCD\Send LCD\main.c
                    NoRev   0x000095       data     extern C:\Users\youta\Desktop\ecorun\LCD\Send LCD\main.c
                   OSCCON   0x000fd3       data     extern C:\MCC18\src\traditional\proc\p18F14K50.asm
                  OSCCON2   0x000fd2       data     extern C:\MCC18\src\traditional\proc\p18F14K50.asm
              OSCCON2bits   0x000fd2       data     extern C:\MCC18\src\traditional\proc\p18F14K50.asm
               OSCCONbits   0x000fd3       data     extern C:\MCC18\src\traditional\proc\p18F14K50.asm
                  OSCTUNE   0x000f9b       data     extern C:\MCC18\src\traditional\proc\p18F14K50.asm
              OSCTUNEbits   0x000f9b       data     extern C:\MCC18\src\traditional\proc\p18F14K50.asm
                       PC   0x000ff9       data     extern C:\MCC18\src\traditional\proc\p18F14K50.asm
                      PCL   0x000ff9       data     extern C:\MCC18\src\traditional\proc\p18F14K50.asm
                   PCLATH   0x000ffa       data     extern C:\MCC18\src\traditional\proc\p18F14K50.asm
                   PCLATU   0x000ffb       data     extern C:\MCC18\src\traditional\proc\p18F14K50.asm
                     PIE1   0x000f9d       data     extern C:\MCC18\src\traditional\proc\p18F14K50.asm
                 PIE1bits   0x000f9d       data     extern C:\MCC18\src\traditional\proc\p18F14K50.asm
                     PIE2   0x000fa0       data     extern C:\MCC18\src\traditional\proc\p18F14K50.asm
                 PIE2bits   0x000fa0       data     extern C:\MCC18\src\traditional\proc\p18F14K50.asm
                     PIR1   0x000f9e       data     extern C:\MCC18\src\traditional\proc\p18F14K50.asm
                 PIR1bits   0x000f9e       data     extern C:\MCC18\src\traditional\proc\p18F14K50.asm
                     PIR2   0x000fa1       data     extern C:\MCC18\src\traditional\proc\p18F14K50.asm
                 PIR2bits   0x000fa1       data     extern C:\MCC18\src\traditional\proc\p18F14K50.asm
                   PLUSW0   0x000feb       data     extern C:\MCC18\src\traditional\proc\p18F14K50.asm
                   PLUSW1   0x000fe3       data     extern C:\MCC18\src\traditional\proc\p18F14K50.asm
                   PLUSW2   0x000fdb       data     extern C:\MCC18\src\traditional\proc\p18F14K50.asm
                    PORTA   0x000f80       data     extern C:\MCC18\src\traditional\proc\p18F14K50.asm
                PORTAbits   0x000f80       data     extern C:\MCC18\src\traditional\proc\p18F14K50.asm
                    PORTB   0x000f81       data     extern C:\MCC18\src\traditional\proc\p18F14K50.asm
                PORTBbits   0x000f81       data     extern C:\MCC18\src\traditional\proc\p18F14K50.asm
                    PORTC   0x000f82       data     extern C:\MCC18\src\traditional\proc\p18F14K50.asm
                PORTCbits   0x000f82       data     extern C:\MCC18\src\traditional\proc\p18F14K50.asm
                 POSTDEC0   0x000fed       data     extern C:\MCC18\src\traditional\proc\p18F14K50.asm
                 POSTDEC1   0x000fe5       data     extern C:\MCC18\src\traditional\proc\p18F14K50.asm
                 POSTDEC2   0x000fdd       data     extern C:\MCC18\src\traditional\proc\p18F14K50.asm
                 POSTINC0   0x000fee       data     extern C:\MCC18\src\traditional\proc\p18F14K50.asm
                 POSTINC1   0x000fe6       data     extern C:\MCC18\src\traditional\proc\p18F14K50.asm
                 POSTINC2   0x000fde       data     extern C:\MCC18\src\traditional\proc\p18F14K50.asm
                      PR2   0x000fcb       data     extern C:\MCC18\src\traditional\proc\p18F14K50.asm
                  PREINC0   0x000fec       data     extern C:\MCC18\src\traditional\proc\p18F14K50.asm
                  PREINC1   0x000fe4       data     extern C:\MCC18\src\traditional\proc\p18F14K50.asm
                  PREINC2   0x000fdc       data     extern C:\MCC18\src\traditional\proc\p18F14K50.asm
                     PROD   0x000ff3       data     extern C:\MCC18\src\traditional\proc\p18F14K50.asm
                    PRODH   0x000ff4       data     extern C:\MCC18\src\traditional\proc\p18F14K50.asm
                    PRODL   0x000ff3       data     extern C:\MCC18\src\traditional\proc\p18F14K50.asm
                  PSTRCON   0x000fb9       data     extern C:\MCC18\src\traditional\proc\p18F14K50.asm
              PSTRCONbits   0x000fb9       data     extern C:\MCC18\src\traditional\proc\p18F14K50.asm
                  PWM1CON   0x000fb7       data     extern C:\MCC18\src\traditional\proc\p18F14K50.asm
              PWM1CONbits   0x000fb7       data     extern C:\MCC18\src\traditional\proc\p18F14K50.asm
                       R1   0x00006c       data     extern C:\Users\youta\Desktop\ecorun\LCD\Send LCD\main.c
                       R2   0x00006d       data     extern C:\Users\youta\Desktop\ecorun\LCD\Send LCD\main.c
                       R3   0x00006e       data     extern C:\Users\youta\Desktop\ecorun\LCD\Send LCD\main.c
                     RCON   0x000fd0       data     extern C:\MCC18\src\traditional\proc\p18F14K50.asm
                 RCONbits   0x000fd0       data     extern C:\MCC18\src\traditional\proc\p18F14K50.asm
                    RCREG   0x000fae       data     extern C:\MCC18\src\traditional\proc\p18F14K50.asm
                    RCSTA   0x000fab       data     extern C:\MCC18\src\traditional\proc\p18F14K50.asm
                RCSTAbits   0x000fab       data     extern C:\MCC18\src\traditional\proc\p18F14K50.asm
                  REFCON0   0x000fba       data     extern C:\MCC18\src\traditional\proc\p18F14K50.asm
              REFCON0bits   0x000fba       data     extern C:\MCC18\src\traditional\proc\p18F14K50.asm
                  REFCON1   0x000fbb       data     extern C:\MCC18\src\traditional\proc\p18F14K50.asm
              REFCON1bits   0x000fbb       data     extern C:\MCC18\src\traditional\proc\p18F14K50.asm
                  REFCON2   0x000fbc       data     extern C:\MCC18\src\traditional\proc\p18F14K50.asm
              REFCON2bits   0x000fbc       data     extern C:\MCC18\src\traditional\proc\p18F14K50.asm
                      Rev   0x0000a1       data     extern C:\Users\youta\Desktop\ecorun\LCD\Send LCD\main.c
                     SIGN   0x000000       data     extern C:\MCC18\src\traditional\math\cmath18.asm
                   SLRCON   0x000f76       data     extern C:\MCC18\src\traditional\proc\p18F14K50.asm
               SLRCONbits   0x000f76       data     extern C:\MCC18\src\traditional\proc\p18F14K50.asm
                    SPBRG   0x000faf       data     extern C:\MCC18\src\traditional\proc\p18F14K50.asm
                   SPBRGH   0x000fb0       data     extern C:\MCC18\src\traditional\proc\p18F14K50.asm
                   SRCON0   0x000f68       data     extern C:\MCC18\src\traditional\proc\p18F14K50.asm
               SRCON0bits   0x000f68       data     extern C:\MCC18\src\traditional\proc\p18F14K50.asm
                   SRCON1   0x000f69       data     extern C:\MCC18\src\traditional\proc\p18F14K50.asm
               SRCON1bits   0x000f69       data     extern C:\MCC18\src\traditional\proc\p18F14K50.asm
                   SSPADD   0x000fc8       data     extern C:\MCC18\src\traditional\proc\p18F14K50.asm
                   SSPBUF   0x000fc9       data     extern C:\MCC18\src\traditional\proc\p18F14K50.asm
                  SSPCON1   0x000fc6       data     extern C:\MCC18\src\traditional\proc\p18F14K50.asm
              SSPCON1bits   0x000fc6       data     extern C:\MCC18\src\traditional\proc\p18F14K50.asm
                  SSPCON2   0x000fc5       data     extern C:\MCC18\src\traditional\proc\p18F14K50.asm
              SSPCON2bits   0x000fc5       data     extern C:\MCC18\src\traditional\proc\p18F14K50.asm
                   SSPMSK   0x000f6f       data     extern C:\MCC18\src\traditional\proc\p18F14K50.asm
               SSPMSKbits   0x000f6f       data     extern C:\MCC18\src\traditional\proc\p18F14K50.asm
                  SSPSTAT   0x000fc7       data     extern C:\MCC18\src\traditional\proc\p18F14K50.asm
              SSPSTATbits   0x000fc7       data     extern C:\MCC18\src\traditional\proc\p18F14K50.asm
                   STATUS   0x000fd8       data     extern C:\MCC18\src\traditional\proc\p18F14K50.asm
               STATUSbits   0x000fd8       data     extern C:\MCC18\src\traditional\proc\p18F14K50.asm
                   STKPTR   0x000ffc       data     extern C:\MCC18\src\traditional\proc\p18F14K50.asm
               STKPTRbits   0x000ffc       data     extern C:\MCC18\src\traditional\proc\p18F14K50.asm
                      Sec   0x000064       data     extern C:\Users\youta\Desktop\ecorun\LCD\Send LCD\main.c
                     Sec1   0x000066       data     extern C:\Users\youta\Desktop\ecorun\LCD\Send LCD\main.c
                     Sec2   0x000068       data     extern C:\Users\youta\Desktop\ecorun\LCD\Send LCD\main.c
                     Sec3   0x00006a       data     extern C:\Users\youta\Desktop\ecorun\LCD\Send LCD\main.c
                Send_flag   0x00009d       data     extern C:\Users\youta\Desktop\ecorun\LCD\Send LCD\main.c
                    T0CON   0x000fd5       data     extern C:\MCC18\src\traditional\proc\p18F14K50.asm
                T0CONbits   0x000fd5       data     extern C:\MCC18\src\traditional\proc\p18F14K50.asm
                    T1CON   0x000fcd       data     extern C:\MCC18\src\traditional\proc\p18F14K50.asm
                T1CONbits   0x000fcd       data     extern C:\MCC18\src\traditional\proc\p18F14K50.asm
                    T2CON   0x000fca       data     extern C:\MCC18\src\traditional\proc\p18F14K50.asm
                T2CONbits   0x000fca       data     extern C:\MCC18\src\traditional\proc\p18F14K50.asm
                    T3CON   0x000fb1       data     extern C:\MCC18\src\traditional\proc\p18F14K50.asm
                T3CONbits   0x000fb1       data     extern C:\MCC18\src\traditional\proc\p18F14K50.asm
                   TABLAT   0x000ff5       data     extern C:\MCC18\src\traditional\proc\p18F14K50.asm
                   TBLPTR   0x000ff6       data     extern C:\MCC18\src\traditional\proc\p18F14K50.asm
                  TBLPTRH   0x000ff7       data     extern C:\MCC18\src\traditional\proc\p18F14K50.asm
                  TBLPTRL   0x000ff6       data     extern C:\MCC18\src\traditional\proc\p18F14K50.asm
                  TBLPTRU   0x000ff8       data     extern C:\MCC18\src\traditional\proc\p18F14K50.asm
                    TMR0H   0x000fd7       data     extern C:\MCC18\src\traditional\proc\p18F14K50.asm
                    TMR0L   0x000fd6       data     extern C:\MCC18\src\traditional\proc\p18F14K50.asm
                    TMR1H   0x000fcf       data     extern C:\MCC18\src\traditional\proc\p18F14K50.asm
                    TMR1L   0x000fce       data     extern C:\MCC18\src\traditional\proc\p18F14K50.asm
                     TMR2   0x000fcc       data     extern C:\MCC18\src\traditional\proc\p18F14K50.asm
                    TMR3H   0x000fb3       data     extern C:\MCC18\src\traditional\proc\p18F14K50.asm
                    TMR3L   0x000fb2       data     extern C:\MCC18\src\traditional\proc\p18F14K50.asm
                    TMRON   0x000097       data     extern C:\Users\youta\Desktop\ecorun\LCD\Send LCD\main.c
                      TOS   0x000ffd       data     extern C:\MCC18\src\traditional\proc\p18F14K50.asm
                     TOSH   0x000ffe       data     extern C:\MCC18\src\traditional\proc\p18F14K50.asm
                     TOSL   0x000ffd       data     extern C:\MCC18\src\traditional\proc\p18F14K50.asm
                     TOSU   0x000fff       data     extern C:\MCC18\src\traditional\proc\p18F14K50.asm
                    TRISA   0x000f92       data     extern C:\MCC18\src\traditional\proc\p18F14K50.asm
                TRISAbits   0x000f92       data     extern C:\MCC18\src\traditional\proc\p18F14K50.asm
                    TRISB   0x000f93       data     extern C:\MCC18\src\traditional\proc\p18F14K50.asm
                TRISBbits   0x000f93       data     extern C:\MCC18\src\traditional\proc\p18F14K50.asm
                    TRISC   0x000f94       data     extern C:\MCC18\src\traditional\proc\p18F14K50.asm
                TRISCbits   0x000f94       data     extern C:\MCC18\src\traditional\proc\p18F14K50.asm
                    TXREG   0x000fad       data     extern C:\MCC18\src\traditional\proc\p18F14K50.asm
                    TXSTA   0x000fac       data     extern C:\MCC18\src\traditional\proc\p18F14K50.asm
                TXSTAbits   0x000fac       data     extern C:\MCC18\src\traditional\proc\p18F14K50.asm
                    TempC   0x000079       data     extern C:\Users\youta\Desktop\ecorun\LCD\Send LCD\main.c
              Temperature   0x00007b       data     extern C:\Users\youta\Desktop\ecorun\LCD\Send LCD\main.c
             Temperature2   0x00007f       data     extern C:\Users\youta\Desktop\ecorun\LCD\Send LCD\main.c
                    UADDR   0x000f5c       data     extern C:\MCC18\src\traditional\proc\p18F14K50.asm
                UADDRbits   0x000f5c       data     extern C:\MCC18\src\traditional\proc\p18F14K50.asm
                     UCFG   0x000f61       data     extern C:\MCC18\src\traditional\proc\p18F14K50.asm
                 UCFGbits   0x000f61       data     extern C:\MCC18\src\traditional\proc\p18F14K50.asm
                     UCON   0x000f64       data     extern C:\MCC18\src\traditional\proc\p18F14K50.asm
                 UCONbits   0x000f64       data     extern C:\MCC18\src\traditional\proc\p18F14K50.asm
                     UEIE   0x000f5b       data     extern C:\MCC18\src\traditional\proc\p18F14K50.asm
                 UEIEbits   0x000f5b       data     extern C:\MCC18\src\traditional\proc\p18F14K50.asm
                     UEIR   0x000f5f       data     extern C:\MCC18\src\traditional\proc\p18F14K50.asm
                 UEIRbits   0x000f5f       data     extern C:\MCC18\src\traditional\proc\p18F14K50.asm
                     UEP0   0x000f53       data     extern C:\MCC18\src\traditional\proc\p18F14K50.asm
                 UEP0bits   0x000f53       data     extern C:\MCC18\src\traditional\proc\p18F14K50.asm
                     UEP1   0x000f54       data     extern C:\MCC18\src\traditional\proc\p18F14K50.asm
                 UEP1bits   0x000f54       data     extern C:\MCC18\src\traditional\proc\p18F14K50.asm
                     UEP2   0x000f55       data     extern C:\MCC18\src\traditional\proc\p18F14K50.asm
                 UEP2bits   0x000f55       data     extern C:\MCC18\src\traditional\proc\p18F14K50.asm
                     UEP3   0x000f56       data     extern C:\MCC18\src\traditional\proc\p18F14K50.asm
                 UEP3bits   0x000f56       data     extern C:\MCC18\src\traditional\proc\p18F14K50.asm
                     UEP4   0x000f57       data     extern C:\MCC18\src\traditional\proc\p18F14K50.asm
                 UEP4bits   0x000f57       data     extern C:\MCC18\src\traditional\proc\p18F14K50.asm
                     UEP5   0x000f58       data     extern C:\MCC18\src\traditional\proc\p18F14K50.asm
                 UEP5bits   0x000f58       data     extern C:\MCC18\src\traditional\proc\p18F14K50.asm
                     UEP6   0x000f59       data     extern C:\MCC18\src\traditional\proc\p18F14K50.asm
                 UEP6bits   0x000f59       data     extern C:\MCC18\src\traditional\proc\p18F14K50.asm
                     UEP7   0x000f5a       data     extern C:\MCC18\src\traditional\proc\p18F14K50.asm
                 UEP7bits   0x000f5a       data     extern C:\MCC18\src\traditional\proc\p18F14K50.asm
                    UFRMH   0x000f5e       data     extern C:\MCC18\src\traditional\proc\p18F14K50.asm
                UFRMHbits   0x000f5e       data     extern C:\MCC18\src\traditional\proc\p18F14K50.asm
                    UFRML   0x000f5d       data     extern C:\MCC18\src\traditional\proc\p18F14K50.asm
                UFRMLbits   0x000f5d       data     extern C:\MCC18\src\traditional\proc\p18F14K50.asm
                      UIE   0x000f60       data     extern C:\MCC18\src\traditional\proc\p18F14K50.asm
                  UIEbits   0x000f60       data     extern C:\MCC18\src\traditional\proc\p18F14K50.asm
                      UIR   0x000f62       data     extern C:\MCC18\src\traditional\proc\p18F14K50.asm
                  UIRbits   0x000f62       data     extern C:\MCC18\src\traditional\proc\p18F14K50.asm
             USART_Status   0x0000e1       data     extern C:\MCC18\src\pmc_common\USART\udefs.c
                    USTAT   0x000f63       data     extern C:\MCC18\src\traditional\proc\p18F14K50.asm
                USTATbits   0x000f63       data     extern C:\MCC18\src\traditional\proc\p18F14K50.asm
                 VREFCON0   0x000fba       data     extern C:\MCC18\src\traditional\proc\p18F14K50.asm
             VREFCON0bits   0x000fba       data     extern C:\MCC18\src\traditional\proc\p18F14K50.asm
                 VREFCON1   0x000fbb       data     extern C:\MCC18\src\traditional\proc\p18F14K50.asm
             VREFCON1bits   0x000fbb       data     extern C:\MCC18\src\traditional\proc\p18F14K50.asm
                 VREFCON2   0x000fbc       data     extern C:\MCC18\src\traditional\proc\p18F14K50.asm
             VREFCON2bits   0x000fbc       data     extern C:\MCC18\src\traditional\proc\p18F14K50.asm
                    VoltC   0x000073       data     extern C:\Users\youta\Desktop\ecorun\LCD\Send LCD\main.c
                  Voltage   0x000075       data     extern C:\Users\youta\Desktop\ecorun\LCD\Send LCD\main.c
                 Voltage2   0x000077       data     extern C:\Users\youta\Desktop\ecorun\LCD\Send LCD\main.c
                        W   0x000fe8       data     extern C:\MCC18\src\traditional\proc\p18F14K50.asm
                   WDTCON   0x000fd1       data     extern C:\MCC18\src\traditional\proc\p18F14K50.asm
               WDTCONbits   0x000fd1       data     extern C:\MCC18\src\traditional\proc\p18F14K50.asm
                     WPUA   0x000f77       data     extern C:\MCC18\src\traditional\proc\p18F14K50.asm
                 WPUAbits   0x000f77       data     extern C:\MCC18\src\traditional\proc\p18F14K50.asm
                     WPUB   0x000f78       data     extern C:\MCC18\src\traditional\proc\p18F14K50.asm
                 WPUBbits   0x000f78       data     extern C:\MCC18\src\traditional\proc\p18F14K50.asm
                     WREG   0x000fe8       data     extern C:\MCC18\src\traditional\proc\p18F14K50.asm
                 __AARGB0   0x000009       data     extern C:\MCC18\src\traditional\math\aarg.asm
                 __AARGB1   0x000008       data     extern C:\MCC18\src\traditional\math\aarg.asm
                 __AARGB2   0x000007       data     extern C:\MCC18\src\traditional\math\aarg.asm
                 __AARGB3   0x000006       data     extern C:\MCC18\src\traditional\math\aarg.asm
                 __AARGB4   0x000005       data     extern C:\MCC18\src\traditional\math\aarg.asm
                 __AARGB5   0x000004       data     extern C:\MCC18\src\traditional\math\aarg.asm
                 __AARGB6   0x000003       data     extern C:\MCC18\src\traditional\math\aarg.asm
                 __AARGB7   0x000002       data     extern C:\MCC18\src\traditional\math\aarg.asm
                   __AEXP   0x00000a       data     extern C:\MCC18\src\traditional\math\aarg.asm
                 __BARGB0   0x00000e       data     extern C:\MCC18\src\traditional\math\barg.asm
                 __BARGB1   0x00000d       data     extern C:\MCC18\src\traditional\math\barg.asm
                 __BARGB2   0x00000c       data     extern C:\MCC18\src\traditional\math\barg.asm
                 __BARGB3   0x00000b       data     extern C:\MCC18\src\traditional\math\barg.asm
                   __BEXP   0x00000f       data     extern C:\MCC18\src\traditional\math\barg.asm
                __FPFLAGS   0x000001       data     extern C:\MCC18\src\traditional\math\cmath18.asm
            __FPFLAGSbits   0x000001       data     extern C:\MCC18\src\traditional\math\cmath18.asm
                  __REMB0   0x000005       data     extern C:\MCC18\src\traditional\math\aarg.asm
                  __REMB1   0x000004       data     extern C:\MCC18\src\traditional\math\aarg.asm
                  __REMB2   0x000003       data     extern C:\MCC18\src\traditional\math\aarg.asm
                  __REMB3   0x000002       data     extern C:\MCC18\src\traditional\math\aarg.asm
                   __TEMP   0x000013       data     extern C:\MCC18\src\traditional\math\temparg.asm
                 __TEMPB0   0x000013       data     extern C:\MCC18\src\traditional\math\temparg.asm
                 __TEMPB1   0x000012       data     extern C:\MCC18\src\traditional\math\temparg.asm
                 __TEMPB2   0x000011       data     extern C:\MCC18\src\traditional\math\temparg.asm
                 __TEMPB3   0x000010       data     extern C:\MCC18\src\traditional\math\temparg.asm
                  __tmp_0   0x000014       data     static C:\MCC18\src\traditional\stdclib\fabs.c
                  __tmp_0   0x000014       data     static C:\Users\youta\Desktop\ecorun\LCD\Send LCD\main.c
                  __tmp_1   0x000020       data     static C:\Users\youta\Desktop\ecorun\LCD\Send LCD\main.c
                    count   0x000071       data     extern C:\Users\youta\Desktop\ecorun\LCD\Send LCD\main.c
                curr_byte   0x0000da       data     static C:\MCC18\src\traditional\startup\c018i.c
               curr_entry   0x0000dc       data     static C:\MCC18\src\traditional\startup\c018i.c
                 data_ptr   0x0000de       data     static C:\MCC18\src\traditional\startup\c018i.c
                 distance   0x000060       data     extern C:\Users\youta\Desktop\ecorun\LCD\Send LCD\main.c
            output_buffer   0x0000a3       data     extern C:\Users\youta\Desktop\ecorun\LCD\Send LCD\main.c
               output_num   0x00009b       data     extern C:\Users\youta\Desktop\ecorun\LCD\Send LCD\main.c
                     prom   0x0000d7       data     static C:\MCC18\src\traditional\startup\c018i.c
                    speed   0x000083       data     extern C:\Users\youta\Desktop\ecorun\LCD\Send LCD\main.c
                   swlong   0x000099       data     extern C:\Users\youta\Desktop\ecorun\LCD\Send LCD\main.c



                              Symbols - Sorted by Address
                     Name    Address   Location    Storage File                     
                ---------  ---------  ---------  --------- ---------                
                   _entry   0x000000    program     extern C:\MCC18\src\traditional\startup\c018i.c
       ___return_lbl00000   0x000004    program     static                          
                   __init   0x000006    program     extern C:\MCC18\src\traditional\stdclib\__init.c
     compatible_interrupt   0x000008    program     extern C:\Users\youta\Desktop\ecorun\LCD\Send LCD\main.c
       ___return_lbl00000   0x00000c    program     static                          
                      isr   0x00001c    program     extern C:\Users\youta\Desktop\ecorun\LCD\Send LCD\main.c
                     main   0x0001ca    program     extern C:\Users\youta\Desktop\ecorun\LCD\Send LCD\main.c
                  pic_set   0x00069e    program     extern C:\Users\youta\Desktop\ecorun\LCD\Send LCD\main.c
            Send_Data_Set   0x0006fc    program     extern C:\Users\youta\Desktop\ecorun\LCD\Send LCD\main.c
                Send_Data   0x000824    program     extern C:\Users\youta\Desktop\ecorun\LCD\Send LCD\main.c
                 AD_input   0x0008ce    program     extern C:\Users\youta\Desktop\ecorun\LCD\Send LCD\main.c
                 FLO1632U   0x000932    program     extern C:\MCC18\src\traditional\math\cast16FP.asm
                 FLO1632S   0x000936    program     extern C:\MCC18\src\traditional\math\cast16FP.asm
                jI2F16Beg   0x000946    program     static C:\MCC18\src\traditional\math\cast16FP.asm
                 FXD2424S   0x00095c    program     extern C:\MCC18\src\traditional\math\fxd2424s.asm
                  DA2424S   0x000972    program     static C:\MCC18\src\traditional\math\fxd2424s.asm
                   D2424S   0x000986    program     static C:\MCC18\src\traditional\math\fxd2424s.asm
                 D2424SOK   0x000990    program     static C:\MCC18\src\traditional\math\fxd2424s.asm
                D2424SNEG   0x000994    program     static C:\MCC18\src\traditional\math\fxd2424s.asm
                  D2424SX   0x0009ac    program     static C:\MCC18\src\traditional\math\fxd2424s.asm
                 FXM1616U   0x0009b6    program     extern C:\MCC18\src\traditional\math\fxm1616u.asm
                  TAGTB32   0x0009f2    program     extern C:\MCC18\src\traditional\math\gtFP.asm
              __FpCompare   0x000a04    program     extern C:\MCC18\src\traditional\math\compFP.asm
             jBothNotZero   0x000a22    program     static C:\MCC18\src\traditional\math\compFP.asm
                 jSignsEQ   0x000a26    program     static C:\MCC18\src\traditional\math\compFP.asm
                      jEQ   0x000a3e    program     static C:\MCC18\src\traditional\math\compFP.asm
                      jNE   0x000a42    program     static C:\MCC18\src\traditional\math\compFP.asm
                    jExch   0x000a4a    program     static C:\MCC18\src\traditional\math\compFP.asm
                  jNoExch   0x000a6a    program     static C:\MCC18\src\traditional\math\compFP.asm
                   jFinal   0x000a74    program     static C:\MCC18\src\traditional\math\compFP.asm
                  jAisNeg   0x000a80    program     static C:\MCC18\src\traditional\math\compFP.asm
                   jShift   0x000a86    program     static C:\MCC18\src\traditional\math\compFP.asm
                   jExpEQ   0x000a90    program     static C:\MCC18\src\traditional\math\compFP.asm
                  jRotate   0x000a9c    program     static C:\MCC18\src\traditional\math\compFP.asm
            __FpReturnNaN   0x000aae    program     extern C:\MCC18\src\traditional\math\packFP.asm
                 __FpExit   0x000aba    program     extern C:\MCC18\src\traditional\math\packFP.asm
        __FpReturnSignInf   0x000abc    program     extern C:\MCC18\src\traditional\math\packFP.asm
         __FpReturnNegInf   0x000ac0    program     extern C:\MCC18\src\traditional\math\packFP.asm
         __FpReturnPosInf   0x000ac6    program     extern C:\MCC18\src\traditional\math\packFP.asm
           jReturnPosInf0   0x000aca    program     static C:\MCC18\src\traditional\math\packFP.asm
               jZero1and2   0x000ace    program     static C:\MCC18\src\traditional\math\packFP.asm
       __FpReturnSignZero   0x000ad4    program     extern C:\MCC18\src\traditional\math\packFP.asm
        __FpReturnNegZero   0x000ad8    program     extern C:\MCC18\src\traditional\math\packFP.asm
        __FpReturnPosZero   0x000ae0    program     extern C:\MCC18\src\traditional\math\packFP.asm
                 __FpPack   0x000ae6    program     extern C:\MCC18\src\traditional\math\packFP.asm
                  jPkLoop   0x000af4    program     static C:\MCC18\src\traditional\math\packFP.asm
             jPkShiftDone   0x000b10    program     static C:\MCC18\src\traditional\math\packFP.asm
               jPkRoundIt   0x000b26    program     static C:\MCC18\src\traditional\math\packFP.asm
             jPkRoundDone   0x000b3e    program     static C:\MCC18\src\traditional\math\packFP.asm
              __FpReturnW   0x000b3e    program     extern C:\MCC18\src\traditional\math\packFP.asm
              __FpUnPackA   0x000b5e    program     extern C:\MCC18\src\traditional\math\UnpackFP.asm
                  jUnpkA1   0x000b68    program     static C:\MCC18\src\traditional\math\UnpackFP.asm
                 jUnpkANZ   0x000b76    program     static C:\MCC18\src\traditional\math\UnpackFP.asm
                  jUnpkA2   0x000b80    program     static C:\MCC18\src\traditional\math\UnpackFP.asm
                 jUnpkNaN   0x000b8a    program     static C:\MCC18\src\traditional\math\UnpackFP.asm
              __FpUnPackB   0x000b8e    program     extern C:\MCC18\src\traditional\math\UnpackFP.asm
                  jUnpkB1   0x000b98    program     static C:\MCC18\src\traditional\math\UnpackFP.asm
                 jUnpkBNZ   0x000ba6    program     static C:\MCC18\src\traditional\math\UnpackFP.asm
                  jUnpkB2   0x000bb0    program     static C:\MCC18\src\traditional\math\UnpackFP.asm
                _do_cinit   0x000bba    program     extern C:\MCC18\src\traditional\startup\c018i.c
                     test   0x000bd4    program     static                          
                copy_loop   0x000c2c    program     static                          
            copy_one_byte   0x000c32    program     static                          
             done_copying   0x000c40    program     static                          
                     done   0x000c56    program     static                          
       ___return_lbl00002   0x000c56    program     static                          
                  FXM3232   0x000c58    program     extern C:\MCC18\src\traditional\math\fxm3232.c
       ___return_lbl00000   0x000cc6    program     static                          
                     fabs   0x000cc8    program     extern C:\MCC18\src\traditional\stdclib\fabs.c
                 FXD3232U   0x000d2e    program     extern C:\MCC18\src\traditional\math\fxd3232u.c
                     loop   0x000d3c    program     static                          
                   _false   0x000d70    program     static                          
       ___return_lbl00000   0x000d74    program     static                          
                 FXD2424U   0x000d76    program     extern C:\MCC18\src\traditional\math\fxd2424u.c
                     loop   0x000d82    program     static                          
                   _false   0x000daa    program     static                          
       ___return_lbl00000   0x000dae    program     static                          
               WriteUSART   0x000db0    program     extern C:\MCC18\src\pmc_common\USART\uwrite.c
                 FXD1616U   0x000dde    program     extern C:\MCC18\src\traditional\math\fxd1616u.c
                     loop   0x000de8    program     static                          
                  endloop   0x000e04    program     static                          
       ___return_lbl00000   0x000e08    program     static                          
            __zero_memory   0x000e0a    program     extern C:\MCC18\src\traditional\proc\p18F14K50.asm
                   loop_h   0x000e18    program     static C:\MCC18\src\traditional\proc\p18F14K50.asm
               zero_block   0x000e18    program     static C:\MCC18\src\traditional\proc\p18F14K50.asm
                compare_l   0x000e20    program     static C:\MCC18\src\traditional\proc\p18F14K50.asm
                   loop_l   0x000e22    program     static C:\MCC18\src\traditional\proc\p18F14K50.asm
                 _startup   0x000e2a    program     extern C:\MCC18\src\traditional\startup\c018i.c
                     loop   0x000e3a    program     static                          
       ___return_lbl00001   0x000e44    program     static                          
             Delay100TCYx   0x000e46    program     extern C:\MCC18\src\traditional\delays\d100tcyx.asm
       _D100TCYXCODE_0008   0x000e4e    program     static C:\MCC18\src\traditional\delays\d100tcyx.asm
                    D100x   0x000e52    program     static C:\MCC18\src\traditional\delays\d100tcyx.asm
                   D100_1   0x000e54    program     static C:\MCC18\src\traditional\delays\d100tcyx.asm
       _D100TCYXCODE_0012   0x000e58    program     static C:\MCC18\src\traditional\delays\d100tcyx.asm
       _D100TCYXCODE_0018   0x000e5e    program     static C:\MCC18\src\traditional\delays\d100tcyx.asm
               __config_0   0x300000    program     static C:\Users\youta\Desktop\ecorun\LCD\Send LCD\main.c
               __config_1   0x300001    program     static C:\Users\youta\Desktop\ecorun\LCD\Send LCD\main.c
               __config_2   0x300002    program     static C:\Users\youta\Desktop\ecorun\LCD\Send LCD\main.c
               __config_3   0x300003    program     static C:\Users\youta\Desktop\ecorun\LCD\Send LCD\main.c
               __config_4   0x300005    program     static C:\Users\youta\Desktop\ecorun\LCD\Send LCD\main.c
               __config_5   0x300006    program     static C:\Users\youta\Desktop\ecorun\LCD\Send LCD\main.c
               __config_6   0x300008    program     static C:\Users\youta\Desktop\ecorun\LCD\Send LCD\main.c
               __config_7   0x300009    program     static C:\Users\youta\Desktop\ecorun\LCD\Send LCD\main.c
               __config_8   0x30000a    program     static C:\Users\youta\Desktop\ecorun\LCD\Send LCD\main.c
               __config_9   0x30000b    program     static C:\Users\youta\Desktop\ecorun\LCD\Send LCD\main.c
              __config_10   0x30000c    program     static C:\Users\youta\Desktop\ecorun\LCD\Send LCD\main.c
              __config_11   0x30000d    program     static C:\Users\youta\Desktop\ecorun\LCD\Send LCD\main.c
                     SIGN   0x000000       data     extern C:\MCC18\src\traditional\math\cmath18.asm
                __FPFLAGS   0x000001       data     extern C:\MCC18\src\traditional\math\cmath18.asm
            __FPFLAGSbits   0x000001       data     extern C:\MCC18\src\traditional\math\cmath18.asm
                  __REMB3   0x000002       data     extern C:\MCC18\src\traditional\math\aarg.asm
                 __AARGB7   0x000002       data     extern C:\MCC18\src\traditional\math\aarg.asm
                 __AARGB6   0x000003       data     extern C:\MCC18\src\traditional\math\aarg.asm
                  __REMB2   0x000003       data     extern C:\MCC18\src\traditional\math\aarg.asm
                  __REMB1   0x000004       data     extern C:\MCC18\src\traditional\math\aarg.asm
                 __AARGB5   0x000004       data     extern C:\MCC18\src\traditional\math\aarg.asm
                  __REMB0   0x000005       data     extern C:\MCC18\src\traditional\math\aarg.asm
                 __AARGB4   0x000005       data     extern C:\MCC18\src\traditional\math\aarg.asm
                 __AARGB3   0x000006       data     extern C:\MCC18\src\traditional\math\aarg.asm
                 __AARGB2   0x000007       data     extern C:\MCC18\src\traditional\math\aarg.asm
                 __AARGB1   0x000008       data     extern C:\MCC18\src\traditional\math\aarg.asm
                 __AARGB0   0x000009       data     extern C:\MCC18\src\traditional\math\aarg.asm
                   __AEXP   0x00000a       data     extern C:\MCC18\src\traditional\math\aarg.asm
                 __BARGB3   0x00000b       data     extern C:\MCC18\src\traditional\math\barg.asm
                 __BARGB2   0x00000c       data     extern C:\MCC18\src\traditional\math\barg.asm
                 __BARGB1   0x00000d       data     extern C:\MCC18\src\traditional\math\barg.asm
                 __BARGB0   0x00000e       data     extern C:\MCC18\src\traditional\math\barg.asm
                   __BEXP   0x00000f       data     extern C:\MCC18\src\traditional\math\barg.asm
                 __TEMPB3   0x000010       data     extern C:\MCC18\src\traditional\math\temparg.asm
                 __TEMPB2   0x000011       data     extern C:\MCC18\src\traditional\math\temparg.asm
                 __TEMPB1   0x000012       data     extern C:\MCC18\src\traditional\math\temparg.asm
                   __TEMP   0x000013       data     extern C:\MCC18\src\traditional\math\temparg.asm
                 __TEMPB0   0x000013       data     extern C:\MCC18\src\traditional\math\temparg.asm
                  __tmp_0   0x000014       data     static C:\MCC18\src\traditional\stdclib\fabs.c
                  __tmp_0   0x000014       data     static C:\Users\youta\Desktop\ecorun\LCD\Send LCD\main.c
                  __tmp_1   0x000020       data     static C:\Users\youta\Desktop\ecorun\LCD\Send LCD\main.c
            DelayCounter1   0x000022       data     extern C:\MCC18\src\traditional\delays\delayd1.asm
                 distance   0x000060       data     extern C:\Users\youta\Desktop\ecorun\LCD\Send LCD\main.c
                      Sec   0x000064       data     extern C:\Users\youta\Desktop\ecorun\LCD\Send LCD\main.c
                     Sec1   0x000066       data     extern C:\Users\youta\Desktop\ecorun\LCD\Send LCD\main.c
                     Sec2   0x000068       data     extern C:\Users\youta\Desktop\ecorun\LCD\Send LCD\main.c
                     Sec3   0x00006a       data     extern C:\Users\youta\Desktop\ecorun\LCD\Send LCD\main.c
                       R1   0x00006c       data     extern C:\Users\youta\Desktop\ecorun\LCD\Send LCD\main.c
                       R2   0x00006d       data     extern C:\Users\youta\Desktop\ecorun\LCD\Send LCD\main.c
                       R3   0x00006e       data     extern C:\Users\youta\Desktop\ecorun\LCD\Send LCD\main.c
                      Box   0x00006f       data     extern C:\Users\youta\Desktop\ecorun\LCD\Send LCD\main.c
                    count   0x000071       data     extern C:\Users\youta\Desktop\ecorun\LCD\Send LCD\main.c
                    VoltC   0x000073       data     extern C:\Users\youta\Desktop\ecorun\LCD\Send LCD\main.c
                  Voltage   0x000075       data     extern C:\Users\youta\Desktop\ecorun\LCD\Send LCD\main.c
                 Voltage2   0x000077       data     extern C:\Users\youta\Desktop\ecorun\LCD\Send LCD\main.c
                    TempC   0x000079       data     extern C:\Users\youta\Desktop\ecorun\LCD\Send LCD\main.c
              Temperature   0x00007b       data     extern C:\Users\youta\Desktop\ecorun\LCD\Send LCD\main.c
           CorrectionTemp   0x00007d       data     extern C:\Users\youta\Desktop\ecorun\LCD\Send LCD\main.c
             Temperature2   0x00007f       data     extern C:\Users\youta\Desktop\ecorun\LCD\Send LCD\main.c
                       AF   0x000081       data     extern C:\Users\youta\Desktop\ecorun\LCD\Send LCD\main.c
                    speed   0x000083       data     extern C:\Users\youta\Desktop\ecorun\LCD\Send LCD\main.c
                     BoxH   0x000085       data     extern C:\Users\youta\Desktop\ecorun\LCD\Send LCD\main.c
                     BoxL   0x000087       data     extern C:\Users\youta\Desktop\ecorun\LCD\Send LCD\main.c
                   BoxSum   0x000089       data     extern C:\Users\youta\Desktop\ecorun\LCD\Send LCD\main.c
                     Box1   0x00008b       data     extern C:\Users\youta\Desktop\ecorun\LCD\Send LCD\main.c
                     Box2   0x00008d       data     extern C:\Users\youta\Desktop\ecorun\LCD\Send LCD\main.c
                     Box3   0x00008f       data     extern C:\Users\youta\Desktop\ecorun\LCD\Send LCD\main.c
                 AveSpeed   0x000091       data     extern C:\Users\youta\Desktop\ecorun\LCD\Send LCD\main.c
            InjectionTime   0x000093       data     extern C:\Users\youta\Desktop\ecorun\LCD\Send LCD\main.c
                    NoRev   0x000095       data     extern C:\Users\youta\Desktop\ecorun\LCD\Send LCD\main.c
                    TMRON   0x000097       data     extern C:\Users\youta\Desktop\ecorun\LCD\Send LCD\main.c
                   swlong   0x000099       data     extern C:\Users\youta\Desktop\ecorun\LCD\Send LCD\main.c
               output_num   0x00009b       data     extern C:\Users\youta\Desktop\ecorun\LCD\Send LCD\main.c
                Send_flag   0x00009d       data     extern C:\Users\youta\Desktop\ecorun\LCD\Send LCD\main.c
                Main_flag   0x00009f       data     extern C:\Users\youta\Desktop\ecorun\LCD\Send LCD\main.c
                      Rev   0x0000a1       data     extern C:\Users\youta\Desktop\ecorun\LCD\Send LCD\main.c
            output_buffer   0x0000a3       data     extern C:\Users\youta\Desktop\ecorun\LCD\Send LCD\main.c
                     prom   0x0000d7       data     static C:\MCC18\src\traditional\startup\c018i.c
                curr_byte   0x0000da       data     static C:\MCC18\src\traditional\startup\c018i.c
               curr_entry   0x0000dc       data     static C:\MCC18\src\traditional\startup\c018i.c
                 data_ptr   0x0000de       data     static C:\MCC18\src\traditional\startup\c018i.c
             USART_Status   0x0000e1       data     extern C:\MCC18\src\pmc_common\USART\udefs.c
                     UEP0   0x000f53       data     extern C:\MCC18\src\traditional\proc\p18F14K50.asm
                 UEP0bits   0x000f53       data     extern C:\MCC18\src\traditional\proc\p18F14K50.asm
                     UEP1   0x000f54       data     extern C:\MCC18\src\traditional\proc\p18F14K50.asm
                 UEP1bits   0x000f54       data     extern C:\MCC18\src\traditional\proc\p18F14K50.asm
                     UEP2   0x000f55       data     extern C:\MCC18\src\traditional\proc\p18F14K50.asm
                 UEP2bits   0x000f55       data     extern C:\MCC18\src\traditional\proc\p18F14K50.asm
                     UEP3   0x000f56       data     extern C:\MCC18\src\traditional\proc\p18F14K50.asm
                 UEP3bits   0x000f56       data     extern C:\MCC18\src\traditional\proc\p18F14K50.asm
                     UEP4   0x000f57       data     extern C:\MCC18\src\traditional\proc\p18F14K50.asm
                 UEP4bits   0x000f57       data     extern C:\MCC18\src\traditional\proc\p18F14K50.asm
                     UEP5   0x000f58       data     extern C:\MCC18\src\traditional\proc\p18F14K50.asm
                 UEP5bits   0x000f58       data     extern C:\MCC18\src\traditional\proc\p18F14K50.asm
                     UEP6   0x000f59       data     extern C:\MCC18\src\traditional\proc\p18F14K50.asm
                 UEP6bits   0x000f59       data     extern C:\MCC18\src\traditional\proc\p18F14K50.asm
                 UEP7bits   0x000f5a       data     extern C:\MCC18\src\traditional\proc\p18F14K50.asm
                     UEP7   0x000f5a       data     extern C:\MCC18\src\traditional\proc\p18F14K50.asm
                 UEIEbits   0x000f5b       data     extern C:\MCC18\src\traditional\proc\p18F14K50.asm
                     UEIE   0x000f5b       data     extern C:\MCC18\src\traditional\proc\p18F14K50.asm
                UADDRbits   0x000f5c       data     extern C:\MCC18\src\traditional\proc\p18F14K50.asm
                    UADDR   0x000f5c       data     extern C:\MCC18\src\traditional\proc\p18F14K50.asm
                    UFRML   0x000f5d       data     extern C:\MCC18\src\traditional\proc\p18F14K50.asm
                UFRMLbits   0x000f5d       data     extern C:\MCC18\src\traditional\proc\p18F14K50.asm
                    UFRMH   0x000f5e       data     extern C:\MCC18\src\traditional\proc\p18F14K50.asm
                UFRMHbits   0x000f5e       data     extern C:\MCC18\src\traditional\proc\p18F14K50.asm
                 UEIRbits   0x000f5f       data     extern C:\MCC18\src\traditional\proc\p18F14K50.asm
                     UEIR   0x000f5f       data     extern C:\MCC18\src\traditional\proc\p18F14K50.asm
                      UIE   0x000f60       data     extern C:\MCC18\src\traditional\proc\p18F14K50.asm
                  UIEbits   0x000f60       data     extern C:\MCC18\src\traditional\proc\p18F14K50.asm
                 UCFGbits   0x000f61       data     extern C:\MCC18\src\traditional\proc\p18F14K50.asm
                     UCFG   0x000f61       data     extern C:\MCC18\src\traditional\proc\p18F14K50.asm
                      UIR   0x000f62       data     extern C:\MCC18\src\traditional\proc\p18F14K50.asm
                  UIRbits   0x000f62       data     extern C:\MCC18\src\traditional\proc\p18F14K50.asm
                USTATbits   0x000f63       data     extern C:\MCC18\src\traditional\proc\p18F14K50.asm
                    USTAT   0x000f63       data     extern C:\MCC18\src\traditional\proc\p18F14K50.asm
                 UCONbits   0x000f64       data     extern C:\MCC18\src\traditional\proc\p18F14K50.asm
                     UCON   0x000f64       data     extern C:\MCC18\src\traditional\proc\p18F14K50.asm
               SRCON0bits   0x000f68       data     extern C:\MCC18\src\traditional\proc\p18F14K50.asm
                   SRCON0   0x000f68       data     extern C:\MCC18\src\traditional\proc\p18F14K50.asm
               SRCON1bits   0x000f69       data     extern C:\MCC18\src\traditional\proc\p18F14K50.asm
                   SRCON1   0x000f69       data     extern C:\MCC18\src\traditional\proc\p18F14K50.asm
              CM2CON0bits   0x000f6b       data     extern C:\MCC18\src\traditional\proc\p18F14K50.asm
                  CM2CON0   0x000f6b       data     extern C:\MCC18\src\traditional\proc\p18F14K50.asm
              CM2CON1bits   0x000f6c       data     extern C:\MCC18\src\traditional\proc\p18F14K50.asm
                  CM2CON1   0x000f6c       data     extern C:\MCC18\src\traditional\proc\p18F14K50.asm
                  CM1CON0   0x000f6d       data     extern C:\MCC18\src\traditional\proc\p18F14K50.asm
              CM1CON0bits   0x000f6d       data     extern C:\MCC18\src\traditional\proc\p18F14K50.asm
                   SSPMSK   0x000f6f       data     extern C:\MCC18\src\traditional\proc\p18F14K50.asm
               SSPMSKbits   0x000f6f       data     extern C:\MCC18\src\traditional\proc\p18F14K50.asm
               SLRCONbits   0x000f76       data     extern C:\MCC18\src\traditional\proc\p18F14K50.asm
                   SLRCON   0x000f76       data     extern C:\MCC18\src\traditional\proc\p18F14K50.asm
                     WPUA   0x000f77       data     extern C:\MCC18\src\traditional\proc\p18F14K50.asm
                 WPUAbits   0x000f77       data     extern C:\MCC18\src\traditional\proc\p18F14K50.asm
                     WPUB   0x000f78       data     extern C:\MCC18\src\traditional\proc\p18F14K50.asm
                 WPUBbits   0x000f78       data     extern C:\MCC18\src\traditional\proc\p18F14K50.asm
                     IOCA   0x000f79       data     extern C:\MCC18\src\traditional\proc\p18F14K50.asm
                 IOCAbits   0x000f79       data     extern C:\MCC18\src\traditional\proc\p18F14K50.asm
                 IOCBbits   0x000f7a       data     extern C:\MCC18\src\traditional\proc\p18F14K50.asm
                     IOCB   0x000f7a       data     extern C:\MCC18\src\traditional\proc\p18F14K50.asm
                    ANSEL   0x000f7e       data     extern C:\MCC18\src\traditional\proc\p18F14K50.asm
                ANSELbits   0x000f7e       data     extern C:\MCC18\src\traditional\proc\p18F14K50.asm
                   ANSELH   0x000f7f       data     extern C:\MCC18\src\traditional\proc\p18F14K50.asm
               ANSELHbits   0x000f7f       data     extern C:\MCC18\src\traditional\proc\p18F14K50.asm
                PORTAbits   0x000f80       data     extern C:\MCC18\src\traditional\proc\p18F14K50.asm
                    PORTA   0x000f80       data     extern C:\MCC18\src\traditional\proc\p18F14K50.asm
                PORTBbits   0x000f81       data     extern C:\MCC18\src\traditional\proc\p18F14K50.asm
                    PORTB   0x000f81       data     extern C:\MCC18\src\traditional\proc\p18F14K50.asm
                PORTCbits   0x000f82       data     extern C:\MCC18\src\traditional\proc\p18F14K50.asm
                    PORTC   0x000f82       data     extern C:\MCC18\src\traditional\proc\p18F14K50.asm
                     LATA   0x000f89       data     extern C:\MCC18\src\traditional\proc\p18F14K50.asm
                 LATAbits   0x000f89       data     extern C:\MCC18\src\traditional\proc\p18F14K50.asm
                     LATB   0x000f8a       data     extern C:\MCC18\src\traditional\proc\p18F14K50.asm
                 LATBbits   0x000f8a       data     extern C:\MCC18\src\traditional\proc\p18F14K50.asm
                     LATC   0x000f8b       data     extern C:\MCC18\src\traditional\proc\p18F14K50.asm
                 LATCbits   0x000f8b       data     extern C:\MCC18\src\traditional\proc\p18F14K50.asm
                TRISAbits   0x000f92       data     extern C:\MCC18\src\traditional\proc\p18F14K50.asm
                    TRISA   0x000f92       data     extern C:\MCC18\src\traditional\proc\p18F14K50.asm
                     DDRA   0x000f92       data     extern C:\MCC18\src\traditional\proc\p18F14K50.asm
                 DDRAbits   0x000f92       data     extern C:\MCC18\src\traditional\proc\p18F14K50.asm
                     DDRB   0x000f93       data     extern C:\MCC18\src\traditional\proc\p18F14K50.asm
                 DDRBbits   0x000f93       data     extern C:\MCC18\src\traditional\proc\p18F14K50.asm
                    TRISB   0x000f93       data     extern C:\MCC18\src\traditional\proc\p18F14K50.asm
                TRISBbits   0x000f93       data     extern C:\MCC18\src\traditional\proc\p18F14K50.asm
                     DDRC   0x000f94       data     extern C:\MCC18\src\traditional\proc\p18F14K50.asm
                 DDRCbits   0x000f94       data     extern C:\MCC18\src\traditional\proc\p18F14K50.asm
                    TRISC   0x000f94       data     extern C:\MCC18\src\traditional\proc\p18F14K50.asm
                TRISCbits   0x000f94       data     extern C:\MCC18\src\traditional\proc\p18F14K50.asm
                  OSCTUNE   0x000f9b       data     extern C:\MCC18\src\traditional\proc\p18F14K50.asm
              OSCTUNEbits   0x000f9b       data     extern C:\MCC18\src\traditional\proc\p18F14K50.asm
                 PIE1bits   0x000f9d       data     extern C:\MCC18\src\traditional\proc\p18F14K50.asm
                     PIE1   0x000f9d       data     extern C:\MCC18\src\traditional\proc\p18F14K50.asm
                 PIR1bits   0x000f9e       data     extern C:\MCC18\src\traditional\proc\p18F14K50.asm
                     PIR1   0x000f9e       data     extern C:\MCC18\src\traditional\proc\p18F14K50.asm
                     IPR1   0x000f9f       data     extern C:\MCC18\src\traditional\proc\p18F14K50.asm
                 IPR1bits   0x000f9f       data     extern C:\MCC18\src\traditional\proc\p18F14K50.asm
                 PIE2bits   0x000fa0       data     extern C:\MCC18\src\traditional\proc\p18F14K50.asm
                     PIE2   0x000fa0       data     extern C:\MCC18\src\traditional\proc\p18F14K50.asm
                 PIR2bits   0x000fa1       data     extern C:\MCC18\src\traditional\proc\p18F14K50.asm
                     PIR2   0x000fa1       data     extern C:\MCC18\src\traditional\proc\p18F14K50.asm
                     IPR2   0x000fa2       data     extern C:\MCC18\src\traditional\proc\p18F14K50.asm
                 IPR2bits   0x000fa2       data     extern C:\MCC18\src\traditional\proc\p18F14K50.asm
                   EECON1   0x000fa6       data     extern C:\MCC18\src\traditional\proc\p18F14K50.asm
               EECON1bits   0x000fa6       data     extern C:\MCC18\src\traditional\proc\p18F14K50.asm
                   EECON2   0x000fa7       data     extern C:\MCC18\src\traditional\proc\p18F14K50.asm
                   EEDATA   0x000fa8       data     extern C:\MCC18\src\traditional\proc\p18F14K50.asm
                EEADRbits   0x000fa9       data     extern C:\MCC18\src\traditional\proc\p18F14K50.asm
                    EEADR   0x000fa9       data     extern C:\MCC18\src\traditional\proc\p18F14K50.asm
                RCSTAbits   0x000fab       data     extern C:\MCC18\src\traditional\proc\p18F14K50.asm
                    RCSTA   0x000fab       data     extern C:\MCC18\src\traditional\proc\p18F14K50.asm
                    TXSTA   0x000fac       data     extern C:\MCC18\src\traditional\proc\p18F14K50.asm
                TXSTAbits   0x000fac       data     extern C:\MCC18\src\traditional\proc\p18F14K50.asm
                    TXREG   0x000fad       data     extern C:\MCC18\src\traditional\proc\p18F14K50.asm
                    RCREG   0x000fae       data     extern C:\MCC18\src\traditional\proc\p18F14K50.asm
                    SPBRG   0x000faf       data     extern C:\MCC18\src\traditional\proc\p18F14K50.asm
                   SPBRGH   0x000fb0       data     extern C:\MCC18\src\traditional\proc\p18F14K50.asm
                T3CONbits   0x000fb1       data     extern C:\MCC18\src\traditional\proc\p18F14K50.asm
                    T3CON   0x000fb1       data     extern C:\MCC18\src\traditional\proc\p18F14K50.asm
                    TMR3L   0x000fb2       data     extern C:\MCC18\src\traditional\proc\p18F14K50.asm
                    TMR3H   0x000fb3       data     extern C:\MCC18\src\traditional\proc\p18F14K50.asm
              ECCP1ASbits   0x000fb6       data     extern C:\MCC18\src\traditional\proc\p18F14K50.asm
                  ECCP1AS   0x000fb6       data     extern C:\MCC18\src\traditional\proc\p18F14K50.asm
                  PWM1CON   0x000fb7       data     extern C:\MCC18\src\traditional\proc\p18F14K50.asm
              PWM1CONbits   0x000fb7       data     extern C:\MCC18\src\traditional\proc\p18F14K50.asm
                  BAUDCON   0x000fb8       data     extern C:\MCC18\src\traditional\proc\p18F14K50.asm
              BAUDCONbits   0x000fb8       data     extern C:\MCC18\src\traditional\proc\p18F14K50.asm
                  BAUDCTL   0x000fb8       data     extern C:\MCC18\src\traditional\proc\p18F14K50.asm
              BAUDCTLbits   0x000fb8       data     extern C:\MCC18\src\traditional\proc\p18F14K50.asm
                  PSTRCON   0x000fb9       data     extern C:\MCC18\src\traditional\proc\p18F14K50.asm
              PSTRCONbits   0x000fb9       data     extern C:\MCC18\src\traditional\proc\p18F14K50.asm
             VREFCON0bits   0x000fba       data     extern C:\MCC18\src\traditional\proc\p18F14K50.asm
                 VREFCON0   0x000fba       data     extern C:\MCC18\src\traditional\proc\p18F14K50.asm
                  REFCON0   0x000fba       data     extern C:\MCC18\src\traditional\proc\p18F14K50.asm
              REFCON0bits   0x000fba       data     extern C:\MCC18\src\traditional\proc\p18F14K50.asm
                  REFCON1   0x000fbb       data     extern C:\MCC18\src\traditional\proc\p18F14K50.asm
              REFCON1bits   0x000fbb       data     extern C:\MCC18\src\traditional\proc\p18F14K50.asm
             VREFCON1bits   0x000fbb       data     extern C:\MCC18\src\traditional\proc\p18F14K50.asm
                 VREFCON1   0x000fbb       data     extern C:\MCC18\src\traditional\proc\p18F14K50.asm
                  REFCON2   0x000fbc       data     extern C:\MCC18\src\traditional\proc\p18F14K50.asm
              REFCON2bits   0x000fbc       data     extern C:\MCC18\src\traditional\proc\p18F14K50.asm
                 VREFCON2   0x000fbc       data     extern C:\MCC18\src\traditional\proc\p18F14K50.asm
             VREFCON2bits   0x000fbc       data     extern C:\MCC18\src\traditional\proc\p18F14K50.asm
              CCP1CONbits   0x000fbd       data     extern C:\MCC18\src\traditional\proc\p18F14K50.asm
                  CCP1CON   0x000fbd       data     extern C:\MCC18\src\traditional\proc\p18F14K50.asm
                   CCPR1L   0x000fbe       data     extern C:\MCC18\src\traditional\proc\p18F14K50.asm
                    CCPR1   0x000fbe       data     extern C:\MCC18\src\traditional\proc\p18F14K50.asm
                   CCPR1H   0x000fbf       data     extern C:\MCC18\src\traditional\proc\p18F14K50.asm
                   ADCON2   0x000fc0       data     extern C:\MCC18\src\traditional\proc\p18F14K50.asm
               ADCON2bits   0x000fc0       data     extern C:\MCC18\src\traditional\proc\p18F14K50.asm
                   ADCON1   0x000fc1       data     extern C:\MCC18\src\traditional\proc\p18F14K50.asm
               ADCON1bits   0x000fc1       data     extern C:\MCC18\src\traditional\proc\p18F14K50.asm
               ADCON0bits   0x000fc2       data     extern C:\MCC18\src\traditional\proc\p18F14K50.asm
                   ADCON0   0x000fc2       data     extern C:\MCC18\src\traditional\proc\p18F14K50.asm
                   ADRESL   0x000fc3       data     extern C:\MCC18\src\traditional\proc\p18F14K50.asm
                    ADRES   0x000fc3       data     extern C:\MCC18\src\traditional\proc\p18F14K50.asm
                   ADRESH   0x000fc4       data     extern C:\MCC18\src\traditional\proc\p18F14K50.asm
                  SSPCON2   0x000fc5       data     extern C:\MCC18\src\traditional\proc\p18F14K50.asm
              SSPCON2bits   0x000fc5       data     extern C:\MCC18\src\traditional\proc\p18F14K50.asm
                  SSPCON1   0x000fc6       data     extern C:\MCC18\src\traditional\proc\p18F14K50.asm
              SSPCON1bits   0x000fc6       data     extern C:\MCC18\src\traditional\proc\p18F14K50.asm
              SSPSTATbits   0x000fc7       data     extern C:\MCC18\src\traditional\proc\p18F14K50.asm
                  SSPSTAT   0x000fc7       data     extern C:\MCC18\src\traditional\proc\p18F14K50.asm
                   SSPADD   0x000fc8       data     extern C:\MCC18\src\traditional\proc\p18F14K50.asm
                   SSPBUF   0x000fc9       data     extern C:\MCC18\src\traditional\proc\p18F14K50.asm
                T2CONbits   0x000fca       data     extern C:\MCC18\src\traditional\proc\p18F14K50.asm
                    T2CON   0x000fca       data     extern C:\MCC18\src\traditional\proc\p18F14K50.asm
                      PR2   0x000fcb       data     extern C:\MCC18\src\traditional\proc\p18F14K50.asm
                     TMR2   0x000fcc       data     extern C:\MCC18\src\traditional\proc\p18F14K50.asm
                T1CONbits   0x000fcd       data     extern C:\MCC18\src\traditional\proc\p18F14K50.asm
                    T1CON   0x000fcd       data     extern C:\MCC18\src\traditional\proc\p18F14K50.asm
                    TMR1L   0x000fce       data     extern C:\MCC18\src\traditional\proc\p18F14K50.asm
                    TMR1H   0x000fcf       data     extern C:\MCC18\src\traditional\proc\p18F14K50.asm
                     RCON   0x000fd0       data     extern C:\MCC18\src\traditional\proc\p18F14K50.asm
                 RCONbits   0x000fd0       data     extern C:\MCC18\src\traditional\proc\p18F14K50.asm
               WDTCONbits   0x000fd1       data     extern C:\MCC18\src\traditional\proc\p18F14K50.asm
                   WDTCON   0x000fd1       data     extern C:\MCC18\src\traditional\proc\p18F14K50.asm
                  OSCCON2   0x000fd2       data     extern C:\MCC18\src\traditional\proc\p18F14K50.asm
              OSCCON2bits   0x000fd2       data     extern C:\MCC18\src\traditional\proc\p18F14K50.asm
                   OSCCON   0x000fd3       data     extern C:\MCC18\src\traditional\proc\p18F14K50.asm
               OSCCONbits   0x000fd3       data     extern C:\MCC18\src\traditional\proc\p18F14K50.asm
                    T0CON   0x000fd5       data     extern C:\MCC18\src\traditional\proc\p18F14K50.asm
                T0CONbits   0x000fd5       data     extern C:\MCC18\src\traditional\proc\p18F14K50.asm
                    TMR0L   0x000fd6       data     extern C:\MCC18\src\traditional\proc\p18F14K50.asm
                    TMR0H   0x000fd7       data     extern C:\MCC18\src\traditional\proc\p18F14K50.asm
                   STATUS   0x000fd8       data     extern C:\MCC18\src\traditional\proc\p18F14K50.asm
               STATUSbits   0x000fd8       data     extern C:\MCC18\src\traditional\proc\p18F14K50.asm
                    FSR2L   0x000fd9       data     extern C:\MCC18\src\traditional\proc\p18F14K50.asm
                     FSR2   0x000fd9       data     extern C:\MCC18\src\traditional\proc\p18F14K50.asm
                    FSR2H   0x000fda       data     extern C:\MCC18\src\traditional\proc\p18F14K50.asm
                   PLUSW2   0x000fdb       data     extern C:\MCC18\src\traditional\proc\p18F14K50.asm
                  PREINC2   0x000fdc       data     extern C:\MCC18\src\traditional\proc\p18F14K50.asm
                 POSTDEC2   0x000fdd       data     extern C:\MCC18\src\traditional\proc\p18F14K50.asm
                 POSTINC2   0x000fde       data     extern C:\MCC18\src\traditional\proc\p18F14K50.asm
                    INDF2   0x000fdf       data     extern C:\MCC18\src\traditional\proc\p18F14K50.asm
                      BSR   0x000fe0       data     extern C:\MCC18\src\traditional\proc\p18F14K50.asm
                    FSR1L   0x000fe1       data     extern C:\MCC18\src\traditional\proc\p18F14K50.asm
                     FSR1   0x000fe1       data     extern C:\MCC18\src\traditional\proc\p18F14K50.asm
                    FSR1H   0x000fe2       data     extern C:\MCC18\src\traditional\proc\p18F14K50.asm
                   PLUSW1   0x000fe3       data     extern C:\MCC18\src\traditional\proc\p18F14K50.asm
                  PREINC1   0x000fe4       data     extern C:\MCC18\src\traditional\proc\p18F14K50.asm
                 POSTDEC1   0x000fe5       data     extern C:\MCC18\src\traditional\proc\p18F14K50.asm
                 POSTINC1   0x000fe6       data     extern C:\MCC18\src\traditional\proc\p18F14K50.asm
                    INDF1   0x000fe7       data     extern C:\MCC18\src\traditional\proc\p18F14K50.asm
                        W   0x000fe8       data     extern C:\MCC18\src\traditional\proc\p18F14K50.asm
                     WREG   0x000fe8       data     extern C:\MCC18\src\traditional\proc\p18F14K50.asm
                     FSR0   0x000fe9       data     extern C:\MCC18\src\traditional\proc\p18F14K50.asm
                    FSR0L   0x000fe9       data     extern C:\MCC18\src\traditional\proc\p18F14K50.asm
                    FSR0H   0x000fea       data     extern C:\MCC18\src\traditional\proc\p18F14K50.asm
                   PLUSW0   0x000feb       data     extern C:\MCC18\src\traditional\proc\p18F14K50.asm
                  PREINC0   0x000fec       data     extern C:\MCC18\src\traditional\proc\p18F14K50.asm
                 POSTDEC0   0x000fed       data     extern C:\MCC18\src\traditional\proc\p18F14K50.asm
                 POSTINC0   0x000fee       data     extern C:\MCC18\src\traditional\proc\p18F14K50.asm
                    INDF0   0x000fef       data     extern C:\MCC18\src\traditional\proc\p18F14K50.asm
                  INTCON3   0x000ff0       data     extern C:\MCC18\src\traditional\proc\p18F14K50.asm
              INTCON3bits   0x000ff0       data     extern C:\MCC18\src\traditional\proc\p18F14K50.asm
                  INTCON2   0x000ff1       data     extern C:\MCC18\src\traditional\proc\p18F14K50.asm
              INTCON2bits   0x000ff1       data     extern C:\MCC18\src\traditional\proc\p18F14K50.asm
                   INTCON   0x000ff2       data     extern C:\MCC18\src\traditional\proc\p18F14K50.asm
               INTCONbits   0x000ff2       data     extern C:\MCC18\src\traditional\proc\p18F14K50.asm
                    PRODL   0x000ff3       data     extern C:\MCC18\src\traditional\proc\p18F14K50.asm
                     PROD   0x000ff3       data     extern C:\MCC18\src\traditional\proc\p18F14K50.asm
                    PRODH   0x000ff4       data     extern C:\MCC18\src\traditional\proc\p18F14K50.asm
                   TABLAT   0x000ff5       data     extern C:\MCC18\src\traditional\proc\p18F14K50.asm
                  TBLPTRL   0x000ff6       data     extern C:\MCC18\src\traditional\proc\p18F14K50.asm
                   TBLPTR   0x000ff6       data     extern C:\MCC18\src\traditional\proc\p18F14K50.asm
                  TBLPTRH   0x000ff7       data     extern C:\MCC18\src\traditional\proc\p18F14K50.asm
                  TBLPTRU   0x000ff8       data     extern C:\MCC18\src\traditional\proc\p18F14K50.asm
                      PCL   0x000ff9       data     extern C:\MCC18\src\traditional\proc\p18F14K50.asm
                       PC   0x000ff9       data     extern C:\MCC18\src\traditional\proc\p18F14K50.asm
                   PCLATH   0x000ffa       data     extern C:\MCC18\src\traditional\proc\p18F14K50.asm
                   PCLATU   0x000ffb       data     extern C:\MCC18\src\traditional\proc\p18F14K50.asm
                   STKPTR   0x000ffc       data     extern C:\MCC18\src\traditional\proc\p18F14K50.asm
               STKPTRbits   0x000ffc       data     extern C:\MCC18\src\traditional\proc\p18F14K50.asm
                      TOS   0x000ffd       data     extern C:\MCC18\src\traditional\proc\p18F14K50.asm
                     TOSL   0x000ffd       data     extern C:\MCC18\src\traditional\proc\p18F14K50.asm
                     TOSH   0x000ffe       data     extern C:\MCC18\src\traditional\proc\p18F14K50.asm
                     TOSU   0x000fff       data     extern C:\MCC18\src\traditional\proc\p18F14K50.asm


